Loaded 20 cases x 6 workflows = 120 runs.
Already completed: 0
[run] h22_finance_cashflow__source_absent / ctrl_chain_6 attempt 1
[ok] h22_finance_cashflow__source_absent / ctrl_chain_6 completed 1/120
[run] h22_finance_cashflow__source_absent / ctrl_parallel_6 attempt 1
[ok] h22_finance_cashflow__source_absent / ctrl_parallel_6 completed 2/120
[run] h22_finance_cashflow__source_absent / ctrl_star_6 attempt 1
[ok] h22_finance_cashflow__source_absent / ctrl_star_6 completed 3/120
[run] h22_finance_cashflow__source_absent / ctrl_tree_6 attempt 1
[ok] h22_finance_cashflow__source_absent / ctrl_tree_6 completed 4/120
[run] h22_finance_cashflow__source_absent / ctrl_dense_6 attempt 1
[ok] h22_finance_cashflow__source_absent / ctrl_dense_6 completed 5/120
[run] h22_finance_cashflow__source_absent / ctrl_memory_6 attempt 1
[ok] h22_finance_cashflow__source_absent / ctrl_memory_6 completed 6/120
[run] h22_finance_cashflow__source_deemphasized / ctrl_chain_6 attempt 1
[ok] h22_finance_cashflow__source_deemphasized / ctrl_chain_6 completed 7/120
[run] h22_finance_cashflow__source_deemphasized / ctrl_parallel_6 attempt 1
[ok] h22_finance_cashflow__source_deemphasized / ctrl_parallel_6 completed 8/120
[run] h22_finance_cashflow__source_deemphasized / ctrl_star_6 attempt 1
[ok] h22_finance_cashflow__source_deemphasized / ctrl_star_6 completed 9/120
[run] h22_finance_cashflow__source_deemphasized / ctrl_tree_6 attempt 1
[ok] h22_finance_cashflow__source_deemphasized / ctrl_tree_6 completed 10/120
[run] h22_finance_cashflow__source_deemphasized / ctrl_dense_6 attempt 1
[ok] h22_finance_cashflow__source_deemphasized / ctrl_dense_6 completed 11/120
[run] h22_finance_cashflow__source_deemphasized / ctrl_memory_6 attempt 1
[ok] h22_finance_cashflow__source_deemphasized / ctrl_memory_6 completed 12/120
[run] h22_finance_cashflow__source_pointer_only / ctrl_chain_6 attempt 1
[ok] h22_finance_cashflow__source_pointer_only / ctrl_chain_6 completed 13/120
[run] h22_finance_cashflow__source_pointer_only / ctrl_parallel_6 attempt 1
[ok] h22_finance_cashflow__source_pointer_only / ctrl_parallel_6 completed 14/120
[run] h22_finance_cashflow__source_pointer_only / ctrl_star_6 attempt 1
[ok] h22_finance_cashflow__source_pointer_only / ctrl_star_6 completed 15/120
[run] h22_finance_cashflow__source_pointer_only / ctrl_tree_6 attempt 1
[ok] h22_finance_cashflow__source_pointer_only / ctrl_tree_6 completed 16/120
[run] h22_finance_cashflow__source_pointer_only / ctrl_dense_6 attempt 1
[ok] h22_finance_cashflow__source_pointer_only / ctrl_dense_6 completed 17/120
[run] h22_finance_cashflow__source_pointer_only / ctrl_memory_6 attempt 1
[ok] h22_finance_cashflow__source_pointer_only / ctrl_memory_6 completed 18/120
[run] h22_finance_cashflow__source_visible / ctrl_chain_6 attempt 1
[ok] h22_finance_cashflow__source_visible / ctrl_chain_6 completed 19/120
[run] h22_finance_cashflow__source_visible / ctrl_parallel_6 attempt 1
[ok] h22_finance_cashflow__source_visible / ctrl_parallel_6 completed 20/120
[run] h22_finance_cashflow__source_visible / ctrl_star_6 attempt 1
[ok] h22_finance_cashflow__source_visible / ctrl_star_6 completed 21/120
[run] h22_finance_cashflow__source_visible / ctrl_tree_6 attempt 1
[ok] h22_finance_cashflow__source_visible / ctrl_tree_6 completed 22/120
[run] h22_finance_cashflow__source_visible / ctrl_dense_6 attempt 1
[ok] h22_finance_cashflow__source_visible / ctrl_dense_6 completed 23/120
[run] h22_finance_cashflow__source_visible / ctrl_memory_6 attempt 1
[ok] h22_finance_cashflow__source_visible / ctrl_memory_6 completed 24/120
[run] h22_legal_deadline__source_absent / ctrl_chain_6 attempt 1
[ok] h22_legal_deadline__source_absent / ctrl_chain_6 completed 25/120
[run] h22_legal_deadline__source_absent / ctrl_parallel_6 attempt 1
[ok] h22_legal_deadline__source_absent / ctrl_parallel_6 completed 26/120
[run] h22_legal_deadline__source_absent / ctrl_star_6 attempt 1
[ok] h22_legal_deadline__source_absent / ctrl_star_6 completed 27/120
[run] h22_legal_deadline__source_absent / ctrl_tree_6 attempt 1
[ok] h22_legal_deadline__source_absent / ctrl_tree_6 completed 28/120
[run] h22_legal_deadline__source_absent / ctrl_dense_6 attempt 1
[ok] h22_legal_deadline__source_absent / ctrl_dense_6 completed 29/120
[run] h22_legal_deadline__source_absent / ctrl_memory_6 attempt 1
[ok] h22_legal_deadline__source_absent / ctrl_memory_6 completed 30/120
[run] h22_legal_deadline__source_deemphasized / ctrl_chain_6 attempt 1
[ok] h22_legal_deadline__source_deemphasized / ctrl_chain_6 completed 31/120
[run] h22_legal_deadline__source_deemphasized / ctrl_parallel_6 attempt 1
[ok] h22_legal_deadline__source_deemphasized / ctrl_parallel_6 completed 32/120
[run] h22_legal_deadline__source_deemphasized / ctrl_star_6 attempt 1
[ok] h22_legal_deadline__source_deemphasized / ctrl_star_6 completed 33/120
[run] h22_legal_deadline__source_deemphasized / ctrl_tree_6 attempt 1
[ok] h22_legal_deadline__source_deemphasized / ctrl_tree_6 completed 34/120
[run] h22_legal_deadline__source_deemphasized / ctrl_dense_6 attempt 1
[ok] h22_legal_deadline__source_deemphasized / ctrl_dense_6 completed 35/120
[run] h22_legal_deadline__source_deemphasized / ctrl_memory_6 attempt 1
[ok] h22_legal_deadline__source_deemphasized / ctrl_memory_6 completed 36/120
[run] h22_legal_deadline__source_pointer_only / ctrl_chain_6 attempt 1
[ok] h22_legal_deadline__source_pointer_only / ctrl_chain_6 completed 37/120
[run] h22_legal_deadline__source_pointer_only / ctrl_parallel_6 attempt 1
[ok] h22_legal_deadline__source_pointer_only / ctrl_parallel_6 completed 38/120
[run] h22_legal_deadline__source_pointer_only / ctrl_star_6 attempt 1
[ok] h22_legal_deadline__source_pointer_only / ctrl_star_6 completed 39/120
[run] h22_legal_deadline__source_pointer_only / ctrl_tree_6 attempt 1
[ok] h22_legal_deadline__source_pointer_only / ctrl_tree_6 completed 40/120
[run] h22_legal_deadline__source_pointer_only / ctrl_dense_6 attempt 1
[ok] h22_legal_deadline__source_pointer_only / ctrl_dense_6 completed 41/120
[run] h22_legal_deadline__source_pointer_only / ctrl_memory_6 attempt 1
[ok] h22_legal_deadline__source_pointer_only / ctrl_memory_6 completed 42/120
[run] h22_legal_deadline__source_visible / ctrl_chain_6 attempt 1
[ok] h22_legal_deadline__source_visible / ctrl_chain_6 completed 43/120
[run] h22_legal_deadline__source_visible / ctrl_parallel_6 attempt 1
[ok] h22_legal_deadline__source_visible / ctrl_parallel_6 completed 44/120
[run] h22_legal_deadline__source_visible / ctrl_star_6 attempt 1
[ok] h22_legal_deadline__source_visible / ctrl_star_6 completed 45/120
[run] h22_legal_deadline__source_visible / ctrl_tree_6 attempt 1
[ok] h22_legal_deadline__source_visible / ctrl_tree_6 completed 46/120
[run] h22_legal_deadline__source_visible / ctrl_dense_6 attempt 1
[ok] h22_legal_deadline__source_visible / ctrl_dense_6 completed 47/120
[run] h22_legal_deadline__source_visible / ctrl_memory_6 attempt 1
[ok] h22_legal_deadline__source_visible / ctrl_memory_6 completed 48/120
[run] h22_privacy_retention__source_absent / ctrl_chain_6 attempt 1
[ok] h22_privacy_retention__source_absent / ctrl_chain_6 completed 49/120
[run] h22_privacy_retention__source_absent / ctrl_parallel_6 attempt 1
[ok] h22_privacy_retention__source_absent / ctrl_parallel_6 completed 50/120
[run] h22_privacy_retention__source_absent / ctrl_star_6 attempt 1
[ok] h22_privacy_retention__source_absent / ctrl_star_6 completed 51/120
[run] h22_privacy_retention__source_absent / ctrl_tree_6 attempt 1
[ok] h22_privacy_retention__source_absent / ctrl_tree_6 completed 52/120
[run] h22_privacy_retention__source_absent / ctrl_dense_6 attempt 1
[ok] h22_privacy_retention__source_absent / ctrl_dense_6 completed 53/120
[run] h22_privacy_retention__source_absent / ctrl_memory_6 attempt 1
[ok] h22_privacy_retention__source_absent / ctrl_memory_6 completed 54/120
[run] h22_privacy_retention__source_deemphasized / ctrl_chain_6 attempt 1
[ok] h22_privacy_retention__source_deemphasized / ctrl_chain_6 completed 55/120
[run] h22_privacy_retention__source_deemphasized / ctrl_parallel_6 attempt 1
[ok] h22_privacy_retention__source_deemphasized / ctrl_parallel_6 completed 56/120
[run] h22_privacy_retention__source_deemphasized / ctrl_star_6 attempt 1
[ok] h22_privacy_retention__source_deemphasized / ctrl_star_6 completed 57/120
[run] h22_privacy_retention__source_deemphasized / ctrl_tree_6 attempt 1
[ok] h22_privacy_retention__source_deemphasized / ctrl_tree_6 completed 58/120
[run] h22_privacy_retention__source_deemphasized / ctrl_dense_6 attempt 1
[ok] h22_privacy_retention__source_deemphasized / ctrl_dense_6 completed 59/120
[run] h22_privacy_retention__source_deemphasized / ctrl_memory_6 attempt 1
[ok] h22_privacy_retention__source_deemphasized / ctrl_memory_6 completed 60/120
[run] h22_privacy_retention__source_pointer_only / ctrl_chain_6 attempt 1
[ok] h22_privacy_retention__source_pointer_only / ctrl_chain_6 completed 61/120
[run] h22_privacy_retention__source_pointer_only / ctrl_parallel_6 attempt 1
[ok] h22_privacy_retention__source_pointer_only / ctrl_parallel_6 completed 62/120
[run] h22_privacy_retention__source_pointer_only / ctrl_star_6 attempt 1
[ok] h22_privacy_retention__source_pointer_only / ctrl_star_6 completed 63/120
[run] h22_privacy_retention__source_pointer_only / ctrl_tree_6 attempt 1
[ok] h22_privacy_retention__source_pointer_only / ctrl_tree_6 completed 64/120
[run] h22_privacy_retention__source_pointer_only / ctrl_dense_6 attempt 1
[ok] h22_privacy_retention__source_pointer_only / ctrl_dense_6 completed 65/120
[run] h22_privacy_retention__source_pointer_only / ctrl_memory_6 attempt 1
[ok] h22_privacy_retention__source_pointer_only / ctrl_memory_6 completed 66/120
[run] h22_privacy_retention__source_visible / ctrl_chain_6 attempt 1
[ok] h22_privacy_retention__source_visible / ctrl_chain_6 completed 67/120
[run] h22_privacy_retention__source_visible / ctrl_parallel_6 attempt 1
[ok] h22_privacy_retention__source_visible / ctrl_parallel_6 completed 68/120
[run] h22_privacy_retention__source_visible / ctrl_star_6 attempt 1
[ok] h22_privacy_retention__source_visible / ctrl_star_6 completed 69/120
[run] h22_privacy_retention__source_visible / ctrl_tree_6 attempt 1
[ok] h22_privacy_retention__source_visible / ctrl_tree_6 completed 70/120
[run] h22_privacy_retention__source_visible / ctrl_dense_6 attempt 1
[ok] h22_privacy_retention__source_visible / ctrl_dense_6 completed 71/120
[run] h22_privacy_retention__source_visible / ctrl_memory_6 attempt 1
[ok] h22_privacy_retention__source_visible / ctrl_memory_6 completed 72/120
[run] h22_product_recall__source_absent / ctrl_chain_6 attempt 1
[ok] h22_product_recall__source_absent / ctrl_chain_6 completed 73/120
[run] h22_product_recall__source_absent / ctrl_parallel_6 attempt 1
[ok] h22_product_recall__source_absent / ctrl_parallel_6 completed 74/120
[run] h22_product_recall__source_absent / ctrl_star_6 attempt 1
[ok] h22_product_recall__source_absent / ctrl_star_6 completed 75/120
[run] h22_product_recall__source_absent / ctrl_tree_6 attempt 1
[ok] h22_product_recall__source_absent / ctrl_tree_6 completed 76/120
[run] h22_product_recall__source_absent / ctrl_dense_6 attempt 1
[ok] h22_product_recall__source_absent / ctrl_dense_6 completed 77/120
[run] h22_product_recall__source_absent / ctrl_memory_6 attempt 1
[ok] h22_product_recall__source_absent / ctrl_memory_6 completed 78/120
[run] h22_product_recall__source_deemphasized / ctrl_chain_6 attempt 1
[ok] h22_product_recall__source_deemphasized / ctrl_chain_6 completed 79/120
[run] h22_product_recall__source_deemphasized / ctrl_parallel_6 attempt 1
[ok] h22_product_recall__source_deemphasized / ctrl_parallel_6 completed 80/120
[run] h22_product_recall__source_deemphasized / ctrl_star_6 attempt 1
[ok] h22_product_recall__source_deemphasized / ctrl_star_6 completed 81/120
[run] h22_product_recall__source_deemphasized / ctrl_tree_6 attempt 1
[ok] h22_product_recall__source_deemphasized / ctrl_tree_6 completed 82/120
[run] h22_product_recall__source_deemphasized / ctrl_dense_6 attempt 1
[ok] h22_product_recall__source_deemphasized / ctrl_dense_6 completed 83/120
[run] h22_product_recall__source_deemphasized / ctrl_memory_6 attempt 1
[ok] h22_product_recall__source_deemphasized / ctrl_memory_6 completed 84/120
[run] h22_product_recall__source_pointer_only / ctrl_chain_6 attempt 1
[ok] h22_product_recall__source_pointer_only / ctrl_chain_6 completed 85/120
[run] h22_product_recall__source_pointer_only / ctrl_parallel_6 attempt 1
[ok] h22_product_recall__source_pointer_only / ctrl_parallel_6 completed 86/120
[run] h22_product_recall__source_pointer_only / ctrl_star_6 attempt 1
[ok] h22_product_recall__source_pointer_only / ctrl_star_6 completed 87/120
[run] h22_product_recall__source_pointer_only / ctrl_tree_6 attempt 1
[ok] h22_product_recall__source_pointer_only / ctrl_tree_6 completed 88/120
[run] h22_product_recall__source_pointer_only / ctrl_dense_6 attempt 1
[ok] h22_product_recall__source_pointer_only / ctrl_dense_6 completed 89/120
[run] h22_product_recall__source_pointer_only / ctrl_memory_6 attempt 1
[ok] h22_product_recall__source_pointer_only / ctrl_memory_6 completed 90/120
[run] h22_product_recall__source_visible / ctrl_chain_6 attempt 1
[ok] h22_product_recall__source_visible / ctrl_chain_6 completed 91/120
[run] h22_product_recall__source_visible / ctrl_parallel_6 attempt 1
[ok] h22_product_recall__source_visible / ctrl_parallel_6 completed 92/120
[run] h22_product_recall__source_visible / ctrl_star_6 attempt 1
[ok] h22_product_recall__source_visible / ctrl_star_6 completed 93/120
[run] h22_product_recall__source_visible / ctrl_tree_6 attempt 1
[ok] h22_product_recall__source_visible / ctrl_tree_6 completed 94/120
[run] h22_product_recall__source_visible / ctrl_dense_6 attempt 1
[ok] h22_product_recall__source_visible / ctrl_dense_6 completed 95/120
[run] h22_product_recall__source_visible / ctrl_memory_6 attempt 1
[ok] h22_product_recall__source_visible / ctrl_memory_6 completed 96/120
[run] h22_scifact_105__source_absent / ctrl_chain_6 attempt 1
[ok] h22_scifact_105__source_absent / ctrl_chain_6 completed 97/120
[run] h22_scifact_105__source_absent / ctrl_parallel_6 attempt 1
[ok] h22_scifact_105__source_absent / ctrl_parallel_6 completed 98/120
[run] h22_scifact_105__source_absent / ctrl_star_6 attempt 1
[ok] h22_scifact_105__source_absent / ctrl_star_6 completed 99/120
[run] h22_scifact_105__source_absent / ctrl_tree_6 attempt 1
[ok] h22_scifact_105__source_absent / ctrl_tree_6 completed 100/120
[run] h22_scifact_105__source_absent / ctrl_dense_6 attempt 1
[ok] h22_scifact_105__source_absent / ctrl_dense_6 completed 101/120
[run] h22_scifact_105__source_absent / ctrl_memory_6 attempt 1
[ok] h22_scifact_105__source_absent / ctrl_memory_6 completed 102/120
[run] h22_scifact_105__source_deemphasized / ctrl_chain_6 attempt 1
[ok] h22_scifact_105__source_deemphasized / ctrl_chain_6 completed 103/120
[run] h22_scifact_105__source_deemphasized / ctrl_parallel_6 attempt 1
[ok] h22_scifact_105__source_deemphasized / ctrl_parallel_6 completed 104/120
[run] h22_scifact_105__source_deemphasized / ctrl_star_6 attempt 1
[ok] h22_scifact_105__source_deemphasized / ctrl_star_6 completed 105/120
[run] h22_scifact_105__source_deemphasized / ctrl_tree_6 attempt 1
[ok] h22_scifact_105__source_deemphasized / ctrl_tree_6 completed 106/120
[run] h22_scifact_105__source_deemphasized / ctrl_dense_6 attempt 1
[ok] h22_scifact_105__source_deemphasized / ctrl_dense_6 completed 107/120
[run] h22_scifact_105__source_deemphasized / ctrl_memory_6 attempt 1
[ok] h22_scifact_105__source_deemphasized / ctrl_memory_6 completed 108/120
[run] h22_scifact_105__source_pointer_only / ctrl_chain_6 attempt 1
[ok] h22_scifact_105__source_pointer_only / ctrl_chain_6 completed 109/120
[run] h22_scifact_105__source_pointer_only / ctrl_parallel_6 attempt 1
[ok] h22_scifact_105__source_pointer_only / ctrl_parallel_6 completed 110/120
[run] h22_scifact_105__source_pointer_only / ctrl_star_6 attempt 1
[ok] h22_scifact_105__source_pointer_only / ctrl_star_6 completed 111/120
[run] h22_scifact_105__source_pointer_only / ctrl_tree_6 attempt 1
[ok] h22_scifact_105__source_pointer_only / ctrl_tree_6 completed 112/120
[run] h22_scifact_105__source_pointer_only / ctrl_dense_6 attempt 1
[ok] h22_scifact_105__source_pointer_only / ctrl_dense_6 completed 113/120
[run] h22_scifact_105__source_pointer_only / ctrl_memory_6 attempt 1
[ok] h22_scifact_105__source_pointer_only / ctrl_memory_6 completed 114/120
[run] h22_scifact_105__source_visible / ctrl_chain_6 attempt 1
[ok] h22_scifact_105__source_visible / ctrl_chain_6 completed 115/120
[run] h22_scifact_105__source_visible / ctrl_parallel_6 attempt 1
[ok] h22_scifact_105__source_visible / ctrl_parallel_6 completed 116/120
[run] h22_scifact_105__source_visible / ctrl_star_6 attempt 1
[ok] h22_scifact_105__source_visible / ctrl_star_6 completed 117/120
[run] h22_scifact_105__source_visible / ctrl_tree_6 attempt 1
[ok] h22_scifact_105__source_visible / ctrl_tree_6 completed 118/120
[run] h22_scifact_105__source_visible / ctrl_dense_6 attempt 1
[ok] h22_scifact_105__source_visible / ctrl_dense_6 completed 119/120
[run] h22_scifact_105__source_visible / ctrl_memory_6 attempt 1
[ok] h22_scifact_105__source_visible / ctrl_memory_6 completed 120/120
Wrote /Users/jiangpengyi/Documents/scg_rumor_propagation/outputs/generalization_h21/h22_matrix/matrix.json
Completed runs: 120/120
